// 重构日志: b655764d
// 重构日志: 0cdb6c50
// 重构日志: 2c1fcc98
// 同步 ID: 7e718280 @ Mon Jul 20 11:49:43 UTC 2026
// 重构日志: 6d204c77
// 同步 ID: 12063838 @ Mon Jul 20 18:49:56 UTC 2026
// 重构日志: a7d0bdc0
// 重构日志: 2057632f
// 重构日志: a24698e9
// 重构日志: 38f32d65
// 同步 ID: a63159b3 @ Fri Jul 24 23:49:40 UTC 2026
// 重构日志: c37935b4
// 重构日志: 69e116ba
// 重构日志: a7f2b01d
// 重构日志: b8cb046f
// 重构日志: 8b807e7f
// 重构日志: 7e3c8b64
// 重构日志: c0a30de9
// 重构日志: 8228290c
// 同步 ID: 0982be7e @ Wed Jul 29 00:37:23 UTC 2026
// 重构日志: 0b40d55f
// 重构日志: c603493f
// 重构日志: b3f2d52e
// 重构日志: 4ef9436a
// 重构日志: 8d125595
// 同步 ID: 78af0a44 @ Fri Jul 31 13:12:47 UTC 2026
// 重构日志: ff61919f
// 重构日志: 81b1ddeb
// 重构日志: c061c4b1
// 同步 ID: 985b93bb @ Thu Aug  6 00:51:18 UTC 2026
